// Jest Snapshot v1, https://goo.gl/fbAQLP

exports[`Testing Header component should take a snapshop 1`] = `
Object {
  "asFragment": [Function],
  "baseElement": <body>
    <div>
      <nav
        class="sc-eCApnc hRyBgW"
      >
        <ul
          class="sc-jSFjdj fkiwxZ"
        >
          <li
            class="sc-gKAaRy hKcdfX"
          >
            <button
              class="sc-ksluID hikfVZ"
            >
              <i
                class="fas fa-bars fa-2x"
              />
            </button>
          </li>
          <li
            class="sc-gKAaRy hKcdfX"
          >
            <form
              class="sc-fujyAs jgUeTi"
            >
              <button
                class="sc-pNWdM eAAEIR"
                type="submit"
              >
                <i
                  class="fas fa-search fa-lg"
                />
              </button>
              <input
                class="sc-jrsJWt fksNle"
                placeholder="Search"
                type="text"
                value="wizeline"
              />
            </form>
          </li>
          <div
            class="sc-iCoGMd itDCGY"
          />
          <div
            class="sc-kEqXSa jjDVFg"
            on="md"
          >
            <li
              class="sc-gKAaRy hKcdfX"
            >
              <div
                class="sc-bdnxRM hFrJuC"
              >
                <p
                  class="sc-hKFxyN SUEDR"
                >
                  Dark mode
                </p>
                <label
                  class="sc-gtsrHT iezsSu"
                >
                  <input
                    type="checkbox"
                  />
                  <span
                    class="sc-dlnjwi Itfri"
                  />
                </label>
              </div>
            </li>
          </div>
          <div
            class="sc-kEqXSa jjDVFg"
            on="md"
          >
            <li
              class="sc-gKAaRy hKcdfX"
            >
              <button
                class="sc-ksluID hikfVZ"
              >
                <i
                  class="fas fa-user-circle fa-2x"
                />
              </button>
            </li>
          </div>
        </ul>
      </nav>
    </div>
  </body>,
  "container": <div>
    <nav
      class="sc-eCApnc hRyBgW"
    >
      <ul
        class="sc-jSFjdj fkiwxZ"
      >
        <li
          class="sc-gKAaRy hKcdfX"
        >
          <button
            class="sc-ksluID hikfVZ"
          >
            <i
              class="fas fa-bars fa-2x"
            />
          </button>
        </li>
        <li
          class="sc-gKAaRy hKcdfX"
        >
          <form
            class="sc-fujyAs jgUeTi"
          >
            <button
              class="sc-pNWdM eAAEIR"
              type="submit"
            >
              <i
                class="fas fa-search fa-lg"
              />
            </button>
            <input
              class="sc-jrsJWt fksNle"
              placeholder="Search"
              type="text"
              value="wizeline"
            />
          </form>
        </li>
        <div
          class="sc-iCoGMd itDCGY"
        />
        <div
          class="sc-kEqXSa jjDVFg"
          on="md"
        >
          <li
            class="sc-gKAaRy hKcdfX"
          >
            <div
              class="sc-bdnxRM hFrJuC"
            >
              <p
                class="sc-hKFxyN SUEDR"
              >
                Dark mode
              </p>
              <label
                class="sc-gtsrHT iezsSu"
              >
                <input
                  type="checkbox"
                />
                <span
                  class="sc-dlnjwi Itfri"
                />
              </label>
            </div>
          </li>
        </div>
        <div
          class="sc-kEqXSa jjDVFg"
          on="md"
        >
          <li
            class="sc-gKAaRy hKcdfX"
          >
            <button
              class="sc-ksluID hikfVZ"
            >
              <i
                class="fas fa-user-circle fa-2x"
              />
            </button>
          </li>
        </div>
      </ul>
    </nav>
  </div>,
  "debug": [Function],
  "findAllByAltText": [Function],
  "findAllByDisplayValue": [Function],
  "findAllByLabelText": [Function],
  "findAllByPlaceholderText": [Function],
  "findAllByRole": [Function],
  "findAllByTestId": [Function],
  "findAllByText": [Function],
  "findAllByTitle": [Function],
  "findByAltText": [Function],
  "findByDisplayValue": [Function],
  "findByLabelText": [Function],
  "findByPlaceholderText": [Function],
  "findByRole": [Function],
  "findByTestId": [Function],
  "findByText": [Function],
  "findByTitle": [Function],
  "getAllByAltText": [Function],
  "getAllByDisplayValue": [Function],
  "getAllByLabelText": [Function],
  "getAllByPlaceholderText": [Function],
  "getAllByRole": [Function],
  "getAllByTestId": [Function],
  "getAllByText": [Function],
  "getAllByTitle": [Function],
  "getByAltText": [Function],
  "getByDisplayValue": [Function],
  "getByLabelText": [Function],
  "getByPlaceholderText": [Function],
  "getByRole": [Function],
  "getByTestId": [Function],
  "getByText": [Function],
  "getByTitle": [Function],
  "queryAllByAltText": [Function],
  "queryAllByDisplayValue": [Function],
  "queryAllByLabelText": [Function],
  "queryAllByPlaceholderText": [Function],
  "queryAllByRole": [Function],
  "queryAllByTestId": [Function],
  "queryAllByText": [Function],
  "queryAllByTitle": [Function],
  "queryByAltText": [Function],
  "queryByDisplayValue": [Function],
  "queryByLabelText": [Function],
  "queryByPlaceholderText": [Function],
  "queryByRole": [Function],
  "queryByTestId": [Function],
  "queryByText": [Function],
  "queryByTitle": [Function],
  "rerender": [Function],
  "unmount": [Function],
}
`;
