// Jest Snapshot v1, https://goo.gl/fbAQLP

exports[`Testing Favorites component should take a snapshop 1`] = `
Object {
  "asFragment": [Function],
  "baseElement": <body>
    <div>
      <div
        class="sc-jSFjdj bNEmGo"
      >
        <div>
          <h2
            center="true"
            class="sc-hBMUJo fdQKmf title py-1"
            weight="300"
          >
            Welcome to the Challenge!
          </h2>
          <div
            class="sc-pNWdM bwqMTH"
          >
            <div
              class="sc-jrsJWt fZykTn"
            >
              <div
                class="sc-gKAaRy lgmLbC"
              >
                <div
                  class="sc-iCoGMd SSGno"
                  data-testid="loader"
                />
              </div>
            </div>
          </div>
        </div>
      </div>
      <div
        class="sc-jSFjdj bNEmGo"
      >
        <div>
          <div
            class="sc-pNWdM bwqMTH"
          >
            <h3>
              My favorites
            </h3>
            <div
              class="sc-jrsJWt fZykTn"
            >
              <div
                class="sc-gKAaRy lgmLbC"
              >
                <div
                  class="sc-iCoGMd SSGno"
                  data-testid="loader"
                />
              </div>
            </div>
          </div>
        </div>
      </div>
    </div>
  </body>,
  "container": <div>
    <div
      class="sc-jSFjdj bNEmGo"
    >
      <div>
        <h2
          center="true"
          class="sc-hBMUJo fdQKmf title py-1"
          weight="300"
        >
          Welcome to the Challenge!
        </h2>
        <div
          class="sc-pNWdM bwqMTH"
        >
          <div
            class="sc-jrsJWt fZykTn"
          >
            <div
              class="sc-gKAaRy lgmLbC"
            >
              <div
                class="sc-iCoGMd SSGno"
                data-testid="loader"
              />
            </div>
          </div>
        </div>
      </div>
    </div>
    <div
      class="sc-jSFjdj bNEmGo"
    >
      <div>
        <div
          class="sc-pNWdM bwqMTH"
        >
          <h3>
            My favorites
          </h3>
          <div
            class="sc-jrsJWt fZykTn"
          >
            <div
              class="sc-gKAaRy lgmLbC"
            >
              <div
                class="sc-iCoGMd SSGno"
                data-testid="loader"
              />
            </div>
          </div>
        </div>
      </div>
    </div>
  </div>,
  "debug": [Function],
  "findAllByAltText": [Function],
  "findAllByDisplayValue": [Function],
  "findAllByLabelText": [Function],
  "findAllByPlaceholderText": [Function],
  "findAllByRole": [Function],
  "findAllByTestId": [Function],
  "findAllByText": [Function],
  "findAllByTitle": [Function],
  "findByAltText": [Function],
  "findByDisplayValue": [Function],
  "findByLabelText": [Function],
  "findByPlaceholderText": [Function],
  "findByRole": [Function],
  "findByTestId": [Function],
  "findByText": [Function],
  "findByTitle": [Function],
  "getAllByAltText": [Function],
  "getAllByDisplayValue": [Function],
  "getAllByLabelText": [Function],
  "getAllByPlaceholderText": [Function],
  "getAllByRole": [Function],
  "getAllByTestId": [Function],
  "getAllByText": [Function],
  "getAllByTitle": [Function],
  "getByAltText": [Function],
  "getByDisplayValue": [Function],
  "getByLabelText": [Function],
  "getByPlaceholderText": [Function],
  "getByRole": [Function],
  "getByTestId": [Function],
  "getByText": [Function],
  "getByTitle": [Function],
  "queryAllByAltText": [Function],
  "queryAllByDisplayValue": [Function],
  "queryAllByLabelText": [Function],
  "queryAllByPlaceholderText": [Function],
  "queryAllByRole": [Function],
  "queryAllByTestId": [Function],
  "queryAllByText": [Function],
  "queryAllByTitle": [Function],
  "queryByAltText": [Function],
  "queryByDisplayValue": [Function],
  "queryByLabelText": [Function],
  "queryByPlaceholderText": [Function],
  "queryByRole": [Function],
  "queryByTestId": [Function],
  "queryByText": [Function],
  "queryByTitle": [Function],
  "rerender": [Function],
  "unmount": [Function],
}
`;
