// Jest Snapshot v1, https://goo.gl/fbAQLP

exports[`Testing App component should to take snapshop 1`] = `
Object {
  "asFragment": [Function],
  "baseElement": <body>
    <div>
      <nav
        class="sc-bkbkJK jDKHyb"
      >
        <ul
          class="sc-iemWCZ gHuJkp"
        >
          <li
            class="sc-dIvrsQ dQtNCl"
          >
            <button
              class="sc-fKgJPI fKEpZV"
            >
              <i
                class="fas fa-bars fa-lg"
              />
            </button>
          </li>
          <li
            class="sc-dIvrsQ dQtNCl"
          >
            <form
              class="sc-dlMDgC itdfBp"
            >
              <button
                class="sc-kfYoZR ecmnxK"
                type="submit"
              >
                <i
                  class="fas fa-search fa-lg"
                />
              </button>
              <input
                class="sc-bCwfaz cLlPND"
                placeholder="Search"
                type="text"
                value="wizeline"
              />
            </form>
          </li>
          <div
            class="sc-hHEiqL bMJSTK"
          />
          <div
            class="sc-iwajpm FOmfh"
            on="md"
          >
            <li
              class="sc-dIvrsQ dQtNCl"
            >
              <div
                class="sc-ksluID kJEHch"
              >
                <label
                  class="sc-hBMUJo ihzRLP"
                >
                  <input
                    checked=""
                    type="checkbox"
                  />
                  <span
                    class="sc-fnVZcZ feXmMQ"
                  />
                </label>
                <p
                  class="sc-fFSPTT gZMECT"
                >
                  Dark mode
                </p>
              </div>
            </li>
          </div>
          <div
            class="sc-iwajpm FOmfh"
            on="md"
          >
            <li
              class="sc-dIvrsQ dQtNCl"
            >
              <button
                class="sc-fKgJPI fKEpZV"
              >
                <i
                  class="fas fa-user-circle fa-3x"
                />
              </button>
            </li>
          </div>
        </ul>
      </nav>
      <div
        class="sc-kEqXSa eUGnJk"
      >
        <div
          class="sc-iqAclL bRimEs"
        >
          <h2
            class="sc-dIsUp kxqnRK"
          >
            Welcome to the Challenge!
          </h2>
          <div
            class="sc-crzoAE bZHNht"
          >
            <div
              class="sc-bqGGPW bpJbaq"
              data-testid="loader"
            />
          </div>
        </div>
      </div>
    </div>
  </body>,
  "container": <div>
    <nav
      class="sc-bkbkJK jDKHyb"
    >
      <ul
        class="sc-iemWCZ gHuJkp"
      >
        <li
          class="sc-dIvrsQ dQtNCl"
        >
          <button
            class="sc-fKgJPI fKEpZV"
          >
            <i
              class="fas fa-bars fa-lg"
            />
          </button>
        </li>
        <li
          class="sc-dIvrsQ dQtNCl"
        >
          <form
            class="sc-dlMDgC itdfBp"
          >
            <button
              class="sc-kfYoZR ecmnxK"
              type="submit"
            >
              <i
                class="fas fa-search fa-lg"
              />
            </button>
            <input
              class="sc-bCwfaz cLlPND"
              placeholder="Search"
              type="text"
              value="wizeline"
            />
          </form>
        </li>
        <div
          class="sc-hHEiqL bMJSTK"
        />
        <div
          class="sc-iwajpm FOmfh"
          on="md"
        >
          <li
            class="sc-dIvrsQ dQtNCl"
          >
            <div
              class="sc-ksluID kJEHch"
            >
              <label
                class="sc-hBMUJo ihzRLP"
              >
                <input
                  checked=""
                  type="checkbox"
                />
                <span
                  class="sc-fnVZcZ feXmMQ"
                />
              </label>
              <p
                class="sc-fFSPTT gZMECT"
              >
                Dark mode
              </p>
            </div>
          </li>
        </div>
        <div
          class="sc-iwajpm FOmfh"
          on="md"
        >
          <li
            class="sc-dIvrsQ dQtNCl"
          >
            <button
              class="sc-fKgJPI fKEpZV"
            >
              <i
                class="fas fa-user-circle fa-3x"
              />
            </button>
          </li>
        </div>
      </ul>
    </nav>
    <div
      class="sc-kEqXSa eUGnJk"
    >
      <div
        class="sc-iqAclL bRimEs"
      >
        <h2
          class="sc-dIsUp kxqnRK"
        >
          Welcome to the Challenge!
        </h2>
        <div
          class="sc-crzoAE bZHNht"
        >
          <div
            class="sc-bqGGPW bpJbaq"
            data-testid="loader"
          />
        </div>
      </div>
    </div>
  </div>,
  "debug": [Function],
  "findAllByAltText": [Function],
  "findAllByDisplayValue": [Function],
  "findAllByLabelText": [Function],
  "findAllByPlaceholderText": [Function],
  "findAllByRole": [Function],
  "findAllByTestId": [Function],
  "findAllByText": [Function],
  "findAllByTitle": [Function],
  "findByAltText": [Function],
  "findByDisplayValue": [Function],
  "findByLabelText": [Function],
  "findByPlaceholderText": [Function],
  "findByRole": [Function],
  "findByTestId": [Function],
  "findByText": [Function],
  "findByTitle": [Function],
  "getAllByAltText": [Function],
  "getAllByDisplayValue": [Function],
  "getAllByLabelText": [Function],
  "getAllByPlaceholderText": [Function],
  "getAllByRole": [Function],
  "getAllByTestId": [Function],
  "getAllByText": [Function],
  "getAllByTitle": [Function],
  "getByAltText": [Function],
  "getByDisplayValue": [Function],
  "getByLabelText": [Function],
  "getByPlaceholderText": [Function],
  "getByRole": [Function],
  "getByTestId": [Function],
  "getByText": [Function],
  "getByTitle": [Function],
  "queryAllByAltText": [Function],
  "queryAllByDisplayValue": [Function],
  "queryAllByLabelText": [Function],
  "queryAllByPlaceholderText": [Function],
  "queryAllByRole": [Function],
  "queryAllByTestId": [Function],
  "queryAllByText": [Function],
  "queryAllByTitle": [Function],
  "queryByAltText": [Function],
  "queryByDisplayValue": [Function],
  "queryByLabelText": [Function],
  "queryByPlaceholderText": [Function],
  "queryByRole": [Function],
  "queryByTestId": [Function],
  "queryByText": [Function],
  "queryByTitle": [Function],
  "rerender": [Function],
  "unmount": [Function],
}
`;
