// Jest Snapshot v1, https://goo.gl/fbAQLP

exports[`Testing App component should to take snapshop 1`] = `
Object {
  "asFragment": [Function],
  "baseElement": <body>
    <div>
      <nav
        class="sc-fFSPTT cvJKtk"
      >
        <ul
          class="sc-bkbkJK bWELRk"
        >
          <li
            class="sc-iemWCZ dKCjgf"
          >
            <button
              class="sc-eCApnc bYOAUH"
            >
              <i
                class="fas fa-bars fa-2x"
              />
            </button>
          </li>
          <li
            class="sc-iemWCZ dKCjgf"
          >
            <form
              class="sc-hHEiqL bQBTJJ"
            >
              <button
                class="sc-dlMDgC eGsqNk"
                type="submit"
              >
                <i
                  class="fas fa-search fa-lg"
                />
              </button>
              <input
                class="sc-kfYoZR kMOULD"
                placeholder="Search"
                type="text"
                value="wizeline"
              />
            </form>
          </li>
          <div
            class="sc-dIvrsQ cbYBSY"
          />
          <div
            class="sc-fKgJPI eULiQM"
            on="md"
          >
            <li
              class="sc-iemWCZ dKCjgf"
            >
              <div
                class="sc-ksluID kJEHch"
              >
                <p
                  class="sc-crzoAE kkISDu mr-1"
                  header="true"
                >
                  Dark mode
                </p>
                <label
                  class="sc-hBMUJo ihzRLP"
                >
                  <input
                    checked=""
                    data-testid="toggle"
                    type="checkbox"
                  />
                  <span
                    class="sc-fnVZcZ inGabQ"
                  />
                </label>
              </div>
            </li>
          </div>
          <div
            class="sc-fKgJPI eULiQM"
            on="md"
          >
            <li
              class="sc-iemWCZ dKCjgf"
            >
              <button
                class="sc-eCApnc bYOAUH"
              >
                <i
                  class="fas fa-user-circle fa-2x"
                />
              </button>
            </li>
          </div>
        </ul>
      </nav>
      <div
        class="sc-bdnxRM hCekCk"
      >
        <div>
          <h2
            center="true"
            class="sc-crzoAE gNzgsY title py-1"
            weight="300"
          >
            Welcome to the Challenge!
          </h2>
          <div
            class="sc-jSFjdj eUsWzQ"
          >
            <div
              class="sc-gKAaRy dBWXIC"
            >
              <div
                class="sc-gtsrHT lhUmru"
              />
              <div
                class="sc-dlnjwi CiaOg"
                data-testid="loader"
              >
                <div
                  class="sc-hKFxyN fYTRnF"
                />
              </div>
              
            </div>
          </div>
        </div>
      </div>
    </div>
  </body>,
  "container": <div>
    <nav
      class="sc-fFSPTT cvJKtk"
    >
      <ul
        class="sc-bkbkJK bWELRk"
      >
        <li
          class="sc-iemWCZ dKCjgf"
        >
          <button
            class="sc-eCApnc bYOAUH"
          >
            <i
              class="fas fa-bars fa-2x"
            />
          </button>
        </li>
        <li
          class="sc-iemWCZ dKCjgf"
        >
          <form
            class="sc-hHEiqL bQBTJJ"
          >
            <button
              class="sc-dlMDgC eGsqNk"
              type="submit"
            >
              <i
                class="fas fa-search fa-lg"
              />
            </button>
            <input
              class="sc-kfYoZR kMOULD"
              placeholder="Search"
              type="text"
              value="wizeline"
            />
          </form>
        </li>
        <div
          class="sc-dIvrsQ cbYBSY"
        />
        <div
          class="sc-fKgJPI eULiQM"
          on="md"
        >
          <li
            class="sc-iemWCZ dKCjgf"
          >
            <div
              class="sc-ksluID kJEHch"
            >
              <p
                class="sc-crzoAE kkISDu mr-1"
                header="true"
              >
                Dark mode
              </p>
              <label
                class="sc-hBMUJo ihzRLP"
              >
                <input
                  checked=""
                  data-testid="toggle"
                  type="checkbox"
                />
                <span
                  class="sc-fnVZcZ inGabQ"
                />
              </label>
            </div>
          </li>
        </div>
        <div
          class="sc-fKgJPI eULiQM"
          on="md"
        >
          <li
            class="sc-iemWCZ dKCjgf"
          >
            <button
              class="sc-eCApnc bYOAUH"
            >
              <i
                class="fas fa-user-circle fa-2x"
              />
            </button>
          </li>
        </div>
      </ul>
    </nav>
    <div
      class="sc-bdnxRM hCekCk"
    >
      <div>
        <h2
          center="true"
          class="sc-crzoAE gNzgsY title py-1"
          weight="300"
        >
          Welcome to the Challenge!
        </h2>
        <div
          class="sc-jSFjdj eUsWzQ"
        >
          <div
            class="sc-gKAaRy dBWXIC"
          >
            <div
              class="sc-gtsrHT lhUmru"
            />
            <div
              class="sc-dlnjwi CiaOg"
              data-testid="loader"
            >
              <div
                class="sc-hKFxyN fYTRnF"
              />
            </div>
            
          </div>
        </div>
      </div>
    </div>
  </div>,
  "debug": [Function],
  "findAllByAltText": [Function],
  "findAllByDisplayValue": [Function],
  "findAllByLabelText": [Function],
  "findAllByPlaceholderText": [Function],
  "findAllByRole": [Function],
  "findAllByTestId": [Function],
  "findAllByText": [Function],
  "findAllByTitle": [Function],
  "findByAltText": [Function],
  "findByDisplayValue": [Function],
  "findByLabelText": [Function],
  "findByPlaceholderText": [Function],
  "findByRole": [Function],
  "findByTestId": [Function],
  "findByText": [Function],
  "findByTitle": [Function],
  "getAllByAltText": [Function],
  "getAllByDisplayValue": [Function],
  "getAllByLabelText": [Function],
  "getAllByPlaceholderText": [Function],
  "getAllByRole": [Function],
  "getAllByTestId": [Function],
  "getAllByText": [Function],
  "getAllByTitle": [Function],
  "getByAltText": [Function],
  "getByDisplayValue": [Function],
  "getByLabelText": [Function],
  "getByPlaceholderText": [Function],
  "getByRole": [Function],
  "getByTestId": [Function],
  "getByText": [Function],
  "getByTitle": [Function],
  "queryAllByAltText": [Function],
  "queryAllByDisplayValue": [Function],
  "queryAllByLabelText": [Function],
  "queryAllByPlaceholderText": [Function],
  "queryAllByRole": [Function],
  "queryAllByTestId": [Function],
  "queryAllByText": [Function],
  "queryAllByTitle": [Function],
  "queryByAltText": [Function],
  "queryByDisplayValue": [Function],
  "queryByLabelText": [Function],
  "queryByPlaceholderText": [Function],
  "queryByRole": [Function],
  "queryByTestId": [Function],
  "queryByText": [Function],
  "queryByTitle": [Function],
  "rerender": [Function],
  "unmount": [Function],
}
`;
